<?xml version="1.0" encoding="ISO-8859-1" ?>
<link_info>
   <banner>MSP430 Linker PC v21.6.1.LTS</banner>
   <copyright>Copyright (c) 2003-2018 Texas Instruments Incorporated</copyright>
   <link_time>0x687ad3df</link_time>
   <link_errors>0x0</link_errors>
   <output_file>Soil_Sensors_Github.out</output_file>
   <entry_point>
      <name>_c_int00_noargs_mpu</name>
      <address>0x95fe</address>
   </entry_point>
   <input_file_list>
      <input_file id="fl-2">
         <path>.\</path>
         <kind>object</kind>
         <file>Oxygen.obj</file>
         <name>Oxygen.obj</name>
      </input_file>
      <input_file id="fl-3">
         <path>.\</path>
         <kind>object</kind>
         <file>co2.obj</file>
         <name>co2.obj</name>
      </input_file>
      <input_file id="fl-4">
         <path>.\</path>
         <kind>object</kind>
         <file>i2c.obj</file>
         <name>i2c.obj</name>
      </input_file>
      <input_file id="fl-5">
         <path>.\</path>
         <kind>object</kind>
         <file>main.obj</file>
         <name>main.obj</name>
      </input_file>
      <input_file id="fl-6">
         <path>.\</path>
         <kind>object</kind>
         <file>pressure.obj</file>
         <name>pressure.obj</name>
      </input_file>
      <input_file id="fl-7">
         <path>.\</path>
         <kind>object</kind>
         <file>seesaw.obj</file>
         <name>seesaw.obj</name>
      </input_file>
      <input_file id="fl-8">
         <path>.\</path>
         <kind>object</kind>
         <file>spi.obj</file>
         <name>spi.obj</name>
      </input_file>
      <input_file id="fl-9">
         <path>.\</path>
         <kind>object</kind>
         <file>timer.obj</file>
         <name>timer.obj</name>
      </input_file>
      <input_file id="fl-a">
         <path>.\</path>
         <kind>object</kind>
         <file>wireless.obj</file>
         <name>wireless.obj</name>
      </input_file>
      <input_file id="fl-10">
         <kind>object</kind>
         <file>&lt;internal&gt;</file>
         <name>&lt;internal&gt;</name>
      </input_file>
      <input_file id="fl-2b">
         <path>C:\ti\ccs2011\ccs\tools\compiler\ti-cgt-msp430_21.6.1.LTS\lib\</path>
         <kind>archive</kind>
         <file>rts430x_lc_sd_eabi.lib</file>
         <name>copy_decompress_lzss.c.obj</name>
      </input_file>
      <input_file id="fl-2c">
         <path>C:\ti\ccs2011\ccs\tools\compiler\ti-cgt-msp430_21.6.1.LTS\lib\</path>
         <kind>archive</kind>
         <file>rts430x_lc_sd_eabi.lib</file>
         <name>copy_decompress_none.c.obj</name>
      </input_file>
      <input_file id="fl-2d">
         <path>C:\ti\ccs2011\ccs\tools\compiler\ti-cgt-msp430_21.6.1.LTS\lib\</path>
         <kind>archive</kind>
         <file>rts430x_lc_sd_eabi.lib</file>
         <name>int22.asm.obj</name>
      </input_file>
      <input_file id="fl-2e">
         <path>C:\ti\ccs2011\ccs\tools\compiler\ti-cgt-msp430_21.6.1.LTS\lib\</path>
         <kind>archive</kind>
         <file>rts430x_lc_sd_eabi.lib</file>
         <name>isr_trap.asm.obj</name>
      </input_file>
      <input_file id="fl-2f">
         <path>C:\ti\ccs2011\ccs\tools\compiler\ti-cgt-msp430_21.6.1.LTS\lib\</path>
         <kind>archive</kind>
         <file>rts430x_lc_sd_eabi.lib</file>
         <name>int23.asm.obj</name>
      </input_file>
      <input_file id="fl-30">
         <path>C:\ti\ccs2011\ccs\tools\compiler\ti-cgt-msp430_21.6.1.LTS\lib\</path>
         <kind>archive</kind>
         <file>rts430x_lc_sd_eabi.lib</file>
         <name>int24.asm.obj</name>
      </input_file>
      <input_file id="fl-31">
         <path>C:\ti\ccs2011\ccs\tools\compiler\ti-cgt-msp430_21.6.1.LTS\lib\</path>
         <kind>archive</kind>
         <file>rts430x_lc_sd_eabi.lib</file>
         <name>int25.asm.obj</name>
      </input_file>
      <input_file id="fl-32">
         <path>C:\ti\ccs2011\ccs\tools\compiler\ti-cgt-msp430_21.6.1.LTS\lib\</path>
         <kind>archive</kind>
         <file>rts430x_lc_sd_eabi.lib</file>
         <name>int26.asm.obj</name>
      </input_file>
      <input_file id="fl-33">
         <path>C:\ti\ccs2011\ccs\tools\compiler\ti-cgt-msp430_21.6.1.LTS\lib\</path>
         <kind>archive</kind>
         <file>rts430x_lc_sd_eabi.lib</file>
         <name>int27.asm.obj</name>
      </input_file>
      <input_file id="fl-34">
         <path>C:\ti\ccs2011\ccs\tools\compiler\ti-cgt-msp430_21.6.1.LTS\lib\</path>
         <kind>archive</kind>
         <file>rts430x_lc_sd_eabi.lib</file>
         <name>int28.asm.obj</name>
      </input_file>
      <input_file id="fl-35">
         <path>C:\ti\ccs2011\ccs\tools\compiler\ti-cgt-msp430_21.6.1.LTS\lib\</path>
         <kind>archive</kind>
         <file>rts430x_lc_sd_eabi.lib</file>
         <name>int30.asm.obj</name>
      </input_file>
      <input_file id="fl-36">
         <path>C:\ti\ccs2011\ccs\tools\compiler\ti-cgt-msp430_21.6.1.LTS\lib\</path>
         <kind>archive</kind>
         <file>rts430x_lc_sd_eabi.lib</file>
         <name>int32.asm.obj</name>
      </input_file>
      <input_file id="fl-37">
         <path>C:\ti\ccs2011\ccs\tools\compiler\ti-cgt-msp430_21.6.1.LTS\lib\</path>
         <kind>archive</kind>
         <file>rts430x_lc_sd_eabi.lib</file>
         <name>int34.asm.obj</name>
      </input_file>
      <input_file id="fl-38">
         <path>C:\ti\ccs2011\ccs\tools\compiler\ti-cgt-msp430_21.6.1.LTS\lib\</path>
         <kind>archive</kind>
         <file>rts430x_lc_sd_eabi.lib</file>
         <name>int36.asm.obj</name>
      </input_file>
      <input_file id="fl-39">
         <path>C:\ti\ccs2011\ccs\tools\compiler\ti-cgt-msp430_21.6.1.LTS\lib\</path>
         <kind>archive</kind>
         <file>rts430x_lc_sd_eabi.lib</file>
         <name>int37.asm.obj</name>
      </input_file>
      <input_file id="fl-3a">
         <path>C:\ti\ccs2011\ccs\tools\compiler\ti-cgt-msp430_21.6.1.LTS\lib\</path>
         <kind>archive</kind>
         <file>rts430x_lc_sd_eabi.lib</file>
         <name>int38.asm.obj</name>
      </input_file>
      <input_file id="fl-3b">
         <path>C:\ti\ccs2011\ccs\tools\compiler\ti-cgt-msp430_21.6.1.LTS\lib\</path>
         <kind>archive</kind>
         <file>rts430x_lc_sd_eabi.lib</file>
         <name>int39.asm.obj</name>
      </input_file>
      <input_file id="fl-3c">
         <path>C:\ti\ccs2011\ccs\tools\compiler\ti-cgt-msp430_21.6.1.LTS\lib\</path>
         <kind>archive</kind>
         <file>rts430x_lc_sd_eabi.lib</file>
         <name>int40.asm.obj</name>
      </input_file>
      <input_file id="fl-3d">
         <path>C:\ti\ccs2011\ccs\tools\compiler\ti-cgt-msp430_21.6.1.LTS\lib\</path>
         <kind>archive</kind>
         <file>rts430x_lc_sd_eabi.lib</file>
         <name>int44.asm.obj</name>
      </input_file>
      <input_file id="fl-3e">
         <path>C:\ti\ccs2011\ccs\tools\compiler\ti-cgt-msp430_21.6.1.LTS\lib\</path>
         <kind>archive</kind>
         <file>rts430x_lc_sd_eabi.lib</file>
         <name>int45.asm.obj</name>
      </input_file>
      <input_file id="fl-3f">
         <path>C:\ti\ccs2011\ccs\tools\compiler\ti-cgt-msp430_21.6.1.LTS\lib\</path>
         <kind>archive</kind>
         <file>rts430x_lc_sd_eabi.lib</file>
         <name>copy_zero_init.c.obj</name>
      </input_file>
      <input_file id="fl-40">
         <path>C:\ti\ccs2011\ccs\tools\compiler\ti-cgt-msp430_21.6.1.LTS\lib\</path>
         <kind>archive</kind>
         <file>rts430x_lc_sd_eabi.lib</file>
         <name>cpy_util.asm.obj</name>
      </input_file>
      <input_file id="fl-41">
         <path>C:\ti\ccs2011\ccs\tools\compiler\ti-cgt-msp430_21.6.1.LTS\lib\</path>
         <kind>archive</kind>
         <file>rts430x_lc_sd_eabi.lib</file>
         <name>mult16_f5hw.asm.obj</name>
      </input_file>
      <input_file id="fl-42">
         <path>C:\ti\ccs2011\ccs\tools\compiler\ti-cgt-msp430_21.6.1.LTS\lib\</path>
         <kind>archive</kind>
         <file>rts430x_lc_sd_eabi.lib</file>
         <name>mult32_f5hw.asm.obj</name>
      </input_file>
      <input_file id="fl-43">
         <path>C:\ti\ccs2011\ccs\tools\compiler\ti-cgt-msp430_21.6.1.LTS\lib\</path>
         <kind>archive</kind>
         <file>rts430x_lc_sd_eabi.lib</file>
         <name>mult64_f5hw.asm.obj</name>
      </input_file>
      <input_file id="fl-44">
         <path>C:\ti\ccs2011\ccs\tools\compiler\ti-cgt-msp430_21.6.1.LTS\lib\</path>
         <kind>archive</kind>
         <file>rts430x_lc_sd_eabi.lib</file>
         <name>mult1632_f5hw.asm.obj</name>
      </input_file>
      <input_file id="fl-45">
         <path>C:\ti\ccs2011\ccs\tools\compiler\ti-cgt-msp430_21.6.1.LTS\lib\</path>
         <kind>archive</kind>
         <file>rts430x_lc_sd_eabi.lib</file>
         <name>mult3264_f5hw.asm.obj</name>
      </input_file>
      <input_file id="fl-46">
         <path>C:\ti\ccs2011\ccs\tools\compiler\ti-cgt-msp430_21.6.1.LTS\lib\</path>
         <kind>archive</kind>
         <file>rts430x_lc_sd_eabi.lib</file>
         <name>lsr16.asm.obj</name>
      </input_file>
      <input_file id="fl-47">
         <path>C:\ti\ccs2011\ccs\tools\compiler\ti-cgt-msp430_21.6.1.LTS\lib\</path>
         <kind>archive</kind>
         <file>rts430x_lc_sd_eabi.lib</file>
         <name>boot.c.obj</name>
      </input_file>
      <input_file id="fl-48">
         <path>C:\ti\ccs2011\ccs\ccs_base\msp430\lib\FR2xx\</path>
         <kind>archive</kind>
         <file>FRWP_INIT_LIB_CCS_msp430_large_code_small_data.lib</file>
         <name>frwp_init.obj</name>
      </input_file>
      <input_file id="fl-49">
         <path>C:\ti\ccs2011\ccs\tools\compiler\ti-cgt-msp430_21.6.1.LTS\lib\</path>
         <kind>archive</kind>
         <file>rts430x_lc_sd_eabi.lib</file>
         <name>args_main.c.obj</name>
      </input_file>
      <input_file id="fl-4a">
         <path>C:\ti\ccs2011\ccs\tools\compiler\ti-cgt-msp430_21.6.1.LTS\lib\</path>
         <kind>archive</kind>
         <file>rts430x_lc_sd_eabi.lib</file>
         <name>autoinit.c.obj</name>
      </input_file>
      <input_file id="fl-4b">
         <path>C:\ti\ccs2011\ccs\tools\compiler\ti-cgt-msp430_21.6.1.LTS\lib\</path>
         <kind>archive</kind>
         <file>rts430x_lc_sd_eabi.lib</file>
         <name>startup.c.obj</name>
      </input_file>
      <input_file id="fl-4c">
         <path>C:\ti\ccs2011\ccs\tools\compiler\ti-cgt-msp430_21.6.1.LTS\lib\</path>
         <kind>archive</kind>
         <file>rts430x_lc_sd_eabi.lib</file>
         <name>pre_init.c.obj</name>
      </input_file>
      <input_file id="fl-4d">
         <path>C:\ti\ccs2011\ccs\tools\compiler\ti-cgt-msp430_21.6.1.LTS\lib\</path>
         <kind>archive</kind>
         <file>rts430x_lc_sd_eabi.lib</file>
         <name>cpy_tbl.c.obj</name>
      </input_file>
      <input_file id="fl-4e">
         <path>C:\ti\ccs2011\ccs\tools\compiler\ti-cgt-msp430_21.6.1.LTS\lib\</path>
         <kind>archive</kind>
         <file>rts430x_lc_sd_eabi.lib</file>
         <name>mult16.asm.obj</name>
      </input_file>
      <input_file id="fl-4f">
         <path>C:\ti\ccs2011\ccs\tools\compiler\ti-cgt-msp430_21.6.1.LTS\lib\</path>
         <kind>archive</kind>
         <file>rts430x_lc_sd_eabi.lib</file>
         <name>exit.c.obj</name>
      </input_file>
      <input_file id="fl-50">
         <path>C:\ti\ccs2011\ccs\tools\compiler\ti-cgt-msp430_21.6.1.LTS\lib\</path>
         <kind>archive</kind>
         <file>rts430x_lc_sd_eabi.lib</file>
         <name>exit_gvars.c.obj</name>
      </input_file>
      <input_file id="fl-51">
         <path>C:\ti\ccs2011\ccs\tools\compiler\ti-cgt-msp430_21.6.1.LTS\lib\</path>
         <kind>archive</kind>
         <file>rts430x_lc_sd_eabi.lib</file>
         <name>_lock.c.obj</name>
      </input_file>
      <input_file id="fl-52">
         <path>C:\ti\ccs2011\ccs\tools\compiler\ti-cgt-msp430_21.6.1.LTS\lib\</path>
         <kind>archive</kind>
         <file>rts430x_lc_sd_eabi.lib</file>
         <name>memcpy.c.obj</name>
      </input_file>
      <input_file id="fl-53">
         <path>C:\ti\ccs2011\ccs\tools\compiler\ti-cgt-msp430_21.6.1.LTS\lib\</path>
         <kind>archive</kind>
         <file>rts430x_lc_sd_eabi.lib</file>
         <name>memset.c.obj</name>
      </input_file>
   </input_file_list>
   <object_component_list>
      <object_component id="oc-750">
         <name>__TI_handler_table</name>
         <load_address>0x8000</load_address>
         <run_address>0x8000</run_address>
         <size>0xc</size>
      </object_component>
      <object_component id="oc-753">
         <name>.cinit..data.load</name>
         <load_address>0x800c</load_address>
         <run_address>0x800c</run_address>
         <size>0x8</size>
      </object_component>
      <object_component id="oc-752">
         <name>.cinit..bss.load</name>
         <load_address>0x8014</load_address>
         <run_address>0x8014</run_address>
         <size>0x6</size>
      </object_component>
      <object_component id="oc-751">
         <name>__TI_cinit_table</name>
         <load_address>0x801a</load_address>
         <run_address>0x801a</run_address>
         <size>0x10</size>
      </object_component>
      <object_component id="oc-6f0">
         <name>.binit</name>
         <load_address>0x802a</load_address>
         <run_address>0x802a</run_address>
         <size>0x0</size>
      </object_component>
      <object_component id="oc-569">
         <name>.text:init_pressure</name>
         <load_address>0x802a</load_address>
         <run_address>0x802a</run_address>
         <size>0x3c8</size>
         <input_file_ref idref="fl-6"/>
      </object_component>
      <object_component id="oc-56f">
         <name>.text:read_pressure</name>
         <load_address>0x83f2</load_address>
         <run_address>0x83f2</run_address>
         <size>0x1e8</size>
         <input_file_ref idref="fl-6"/>
      </object_component>
      <object_component id="oc-4f0">
         <name>.text:main</name>
         <load_address>0x85da</load_address>
         <run_address>0x85da</run_address>
         <size>0x1a2</size>
         <input_file_ref idref="fl-5"/>
      </object_component>
      <object_component id="oc-581">
         <name>.text:init_wireless</name>
         <load_address>0x877c</load_address>
         <run_address>0x877c</run_address>
         <size>0x10c</size>
         <input_file_ref idref="fl-a"/>
      </object_component>
      <object_component id="oc-66">
         <name>.text:decompress:lzss:__TI_decompress_lzss</name>
         <load_address>0x8888</load_address>
         <run_address>0x8888</run_address>
         <size>0xee</size>
         <input_file_ref idref="fl-2b"/>
      </object_component>
      <object_component id="oc-587">
         <name>.text:wireless_send</name>
         <load_address>0x8976</load_address>
         <run_address>0x8976</run_address>
         <size>0xda</size>
         <input_file_ref idref="fl-a"/>
      </object_component>
      <object_component id="oc-563">
         <name>.text:read_cap_seesaw</name>
         <load_address>0x8a50</load_address>
         <run_address>0x8a50</run_address>
         <size>0xd8</size>
         <input_file_ref idref="fl-7"/>
      </object_component>
      <object_component id="oc-57b">
         <name>.text:read_data_co2</name>
         <load_address>0x8b28</load_address>
         <run_address>0x8b28</run_address>
         <size>0xd0</size>
         <input_file_ref idref="fl-3"/>
      </object_component>
      <object_component id="oc-5dc">
         <name>.text:Software_Trim</name>
         <load_address>0x8bf8</load_address>
         <run_address>0x8bf8</run_address>
         <size>0xbe</size>
         <input_file_ref idref="fl-4"/>
      </object_component>
      <object_component id="oc-55d">
         <name>.text:read_temp_seesaw</name>
         <load_address>0x8cb6</load_address>
         <run_address>0x8cb6</run_address>
         <size>0xb0</size>
         <input_file_ref idref="fl-7"/>
      </object_component>
      <object_component id="oc-575">
         <name>.text:init_co2</name>
         <load_address>0x8d66</load_address>
         <run_address>0x8d66</run_address>
         <size>0x8c</size>
         <input_file_ref idref="fl-3"/>
      </object_component>
      <object_component id="oc-61b">
         <name>.text:read_data_ready_co2</name>
         <load_address>0x8df2</load_address>
         <run_address>0x8df2</run_address>
         <size>0x88</size>
         <input_file_ref idref="fl-3"/>
      </object_component>
      <object_component id="oc-5fb">
         <name>.text:I2C_Master_WriteReg</name>
         <load_address>0x8e7a</load_address>
         <run_address>0x8e7a</run_address>
         <size>0x74</size>
         <input_file_ref idref="fl-4"/>
      </object_component>
      <object_component id="oc-5b8">
         <name>.text:__TI_auto_init_nobinit_nopinit_hold_wdt:__TI_auto_init_nobinit_nopinit_hold_wdt</name>
         <load_address>0x8eee</load_address>
         <run_address>0x8eee</run_address>
         <size>0x6a</size>
         <input_file_ref idref="fl-4a"/>
      </object_component>
      <object_component id="oc-54a">
         <name>.text:init_oxygen</name>
         <load_address>0x8f58</load_address>
         <run_address>0x8f58</run_address>
         <size>0x68</size>
         <input_file_ref idref="fl-2"/>
      </object_component>
      <object_component id="oc-5ec">
         <name>.text:I2C_Master_ReadReg</name>
         <load_address>0x8fc0</load_address>
         <run_address>0x8fc0</run_address>
         <size>0x5e</size>
         <input_file_ref idref="fl-4"/>
      </object_component>
      <object_component id="oc-601">
         <name>.text:I2C_Master_ReadIntoBuffer</name>
         <load_address>0x901e</load_address>
         <run_address>0x901e</run_address>
         <size>0x5c</size>
         <input_file_ref idref="fl-4"/>
      </object_component>
      <object_component id="oc-625">
         <name>.text:SPI_Master_WriteReg</name>
         <load_address>0x907a</load_address>
         <run_address>0x907a</run_address>
         <size>0x4c</size>
         <input_file_ref idref="fl-8"/>
      </object_component>
      <object_component id="oc-42b">
         <name>.text:__memcpy_far</name>
         <load_address>0x90c6</load_address>
         <run_address>0x90c6</run_address>
         <size>0x40</size>
         <input_file_ref idref="fl-40"/>
      </object_component>
      <object_component id="oc-466">
         <name>.text:decompress:ZI:__TI_zero_init_nomemset:__TI_zero_init_nomemset</name>
         <load_address>0x9106</load_address>
         <run_address>0x9106</run_address>
         <size>0x3e</size>
         <input_file_ref idref="fl-3f"/>
      </object_component>
      <object_component id="oc-4d1">
         <name>.text:initGPIO_I2C</name>
         <load_address>0x9144</load_address>
         <run_address>0x9144</run_address>
         <size>0x3e</size>
         <input_file_ref idref="fl-4"/>
      </object_component>
      <object_component id="oc-639">
         <name>.text:sleep_pins</name>
         <load_address>0x9182</load_address>
         <run_address>0x9182</run_address>
         <size>0x3e</size>
         <input_file_ref idref="fl-9"/>
      </object_component>
      <object_component id="oc-502">
         <name>.text:__mpu_init</name>
         <load_address>0x91c0</load_address>
         <run_address>0x91c0</run_address>
         <size>0x3c</size>
         <input_file_ref idref="fl-48"/>
      </object_component>
      <object_component id="oc-6c">
         <name>.text:decompress:none:__TI_decompress_none</name>
         <load_address>0x91fc</load_address>
         <run_address>0x91fc</run_address>
         <size>0x3c</size>
         <input_file_ref idref="fl-2c"/>
      </object_component>
      <object_component id="oc-62b">
         <name>.text:SPI_Master_ReadReg</name>
         <load_address>0x9238</load_address>
         <run_address>0x9238</run_address>
         <size>0x32</size>
         <input_file_ref idref="fl-8"/>
      </object_component>
      <object_component id="oc-541">
         <name>.text:initClockTo1MHz</name>
         <load_address>0x926a</load_address>
         <run_address>0x926a</run_address>
         <size>0x2e</size>
         <input_file_ref idref="fl-4"/>
      </object_component>
      <object_component id="oc-612">
         <name>.text:crc8</name>
         <load_address>0x9298</load_address>
         <run_address>0x9298</run_address>
         <size>0x2a</size>
         <input_file_ref idref="fl-3"/>
      </object_component>
      <object_component id="oc-5e3">
         <name>.text:read_oxygen</name>
         <load_address>0x92c2</load_address>
         <run_address>0x92c2</run_address>
         <size>0x2a</size>
         <input_file_ref idref="fl-2"/>
      </object_component>
      <object_component id="oc-63f">
         <name>.text:init_timer</name>
         <load_address>0x92ec</load_address>
         <run_address>0x92ec</run_address>
         <size>0x24</size>
         <input_file_ref idref="fl-9"/>
      </object_component>
      <object_component id="oc-5f2">
         <name>.text:CopyArray</name>
         <load_address>0x9310</load_address>
         <run_address>0x9310</run_address>
         <size>0x1c</size>
         <input_file_ref idref="fl-4"/>
      </object_component>
      <object_component id="oc-556">
         <name>.text:initSPI</name>
         <load_address>0x932c</load_address>
         <run_address>0x932c</run_address>
         <size>0x1a</size>
         <input_file_ref idref="fl-8"/>
      </object_component>
      <object_component id="oc-4d7">
         <name>.text:initI2C</name>
         <load_address>0x9346</load_address>
         <run_address>0x9346</run_address>
         <size>0x16</size>
         <input_file_ref idref="fl-4"/>
      </object_component>
      <object_component id="oc-681">
         <name>.text:i2c_timeout</name>
         <load_address>0x935c</load_address>
         <run_address>0x935c</run_address>
         <size>0x14</size>
         <input_file_ref idref="fl-9"/>
      </object_component>
      <object_component id="oc-608">
         <name>.text:memset</name>
         <load_address>0x9370</load_address>
         <run_address>0x9370</run_address>
         <size>0x14</size>
         <input_file_ref idref="fl-53"/>
      </object_component>
      <object_component id="oc-631">
         <name>.text:setModeIdle</name>
         <load_address>0x9384</load_address>
         <run_address>0x9384</run_address>
         <size>0x14</size>
         <input_file_ref idref="fl-a"/>
      </object_component>
      <object_component id="oc-58d">
         <name>.text:sleep_10_min</name>
         <load_address>0x9398</load_address>
         <run_address>0x9398</run_address>
         <size>0x12</size>
         <input_file_ref idref="fl-9"/>
      </object_component>
      <object_component id="oc-550">
         <name>.text:initGPIO_SPI</name>
         <load_address>0x93aa</load_address>
         <run_address>0x93aa</run_address>
         <size>0x10</size>
         <input_file_ref idref="fl-8"/>
      </object_component>
      <object_component id="oc-4c6">
         <name>.text:SendUCA0Data</name>
         <load_address>0x93ba</load_address>
         <run_address>0x93ba</run_address>
         <size>0xe</size>
         <input_file_ref idref="fl-8"/>
      </object_component>
      <object_component id="oc-67b">
         <name>.text</name>
         <load_address>0x93c8</load_address>
         <run_address>0x93c8</run_address>
         <size>0xa</size>
         <input_file_ref idref="fl-46"/>
      </object_component>
      <object_component id="oc-594">
         <name>.text:abort</name>
         <load_address>0x93d2</load_address>
         <run_address>0x93d2</run_address>
         <size>0x6</size>
         <input_file_ref idref="fl-4f"/>
      </object_component>
      <object_component id="oc-687">
         <name>.text:cancel_i2c_timeout</name>
         <load_address>0x93d8</load_address>
         <run_address>0x93d8</run_address>
         <size>0x6</size>
         <input_file_ref idref="fl-9"/>
      </object_component>
      <object_component id="oc-4ea">
         <name>.text:_system_pre_init</name>
         <load_address>0x93de</load_address>
         <run_address>0x93de</run_address>
         <size>0x4</size>
         <input_file_ref idref="fl-4c"/>
      </object_component>
      <object_component id="oc-658">
         <name>.text:_system_post_cinit</name>
         <load_address>0x93e2</load_address>
         <run_address>0x93e2</run_address>
         <size>0x2</size>
         <input_file_ref idref="fl-4b"/>
      </object_component>
      <object_component id="oc-442">
         <name>.text:_isr:USCI_B0_ISR</name>
         <load_address>0x93e4</load_address>
         <run_address>0x93e4</run_address>
         <size>0x114</size>
         <input_file_ref idref="fl-4"/>
      </object_component>
      <object_component id="oc-448">
         <name>.text:_isr:USCI_A0_ISR</name>
         <load_address>0x94f8</load_address>
         <run_address>0x94f8</run_address>
         <size>0xe2</size>
         <input_file_ref idref="fl-8"/>
      </object_component>
      <object_component id="oc-460">
         <name>.text:_isr:ISR_TB0_CCR0</name>
         <load_address>0x95da</load_address>
         <run_address>0x95da</run_address>
         <size>0x24</size>
         <input_file_ref idref="fl-5"/>
      </object_component>
      <object_component id="oc-490">
         <name>.text:_isr:_c_int00_noargs_mpu</name>
         <load_address>0x95fe</load_address>
         <run_address>0x95fe</run_address>
         <size>0x20</size>
         <input_file_ref idref="fl-47"/>
      </object_component>
      <object_component id="oc-454">
         <name>.text:_isr:Timer1_B0_ISR</name>
         <load_address>0x961e</load_address>
         <run_address>0x961e</run_address>
         <size>0x1e</size>
         <input_file_ref idref="fl-5"/>
      </object_component>
      <object_component id="oc-43c">
         <name>.text:_isr:ADC_ISR</name>
         <load_address>0x963c</load_address>
         <run_address>0x963c</run_address>
         <size>0x16</size>
         <input_file_ref idref="fl-2"/>
      </object_component>
      <object_component id="oc-44e">
         <name>.text:_isr:RTC_ISR</name>
         <load_address>0x9652</load_address>
         <run_address>0x9652</run_address>
         <size>0x14</size>
         <input_file_ref idref="fl-5"/>
      </object_component>
      <object_component id="oc-45a">
         <name>.text:_isr:ISR_TB0_CCR1</name>
         <load_address>0x9666</load_address>
         <run_address>0x9666</run_address>
         <size>0xa</size>
         <input_file_ref idref="fl-5"/>
      </object_component>
      <object_component id="oc-437">
         <name>.text:_isr:__TI_ISR_TRAP</name>
         <load_address>0x9670</load_address>
         <run_address>0x9670</run_address>
         <size>0x8</size>
         <input_file_ref idref="fl-2e"/>
      </object_component>
      <object_component id="oc-621">
         <name>.common:CO2_buf</name>
         <uninitialized>true</uninitialized>
         <run_address>0x203e</run_address>
         <size>0x12</size>
      </object_component>
      <object_component id="oc-67a">
         <name>.common:temp</name>
         <uninitialized>true</uninitialized>
         <run_address>0x2060</run_address>
         <size>0x2</size>
      </object_component>
      <object_component id="oc-4ad">
         <name>.common:ADC_Result</name>
         <uninitialized>true</uninitialized>
         <run_address>0x205e</run_address>
         <size>0x2</size>
      </object_component>
      <object_component id="oc-547">
         <name>.common:wireless_buf</name>
         <uninitialized>true</uninitialized>
         <run_address>0x2000</run_address>
         <size>0x24</size>
      </object_component>
      <object_component id="oc-548">
         <name>.common:seesaw_buf</name>
         <uninitialized>true</uninitialized>
         <run_address>0x2024</run_address>
         <size>0x1a</size>
      </object_component>
      <object_component id="oc-549">
         <name>.common:o2_buf</name>
         <uninitialized>true</uninitialized>
         <run_address>0x2050</run_address>
         <size>0xe</size>
      </object_component>
      <object_component id="oc-55c">
         <name>.common:i2c_succeed</name>
         <uninitialized>true</uninitialized>
         <run_address>0x2062</run_address>
         <size>0x1</size>
      </object_component>
      <object_component id="oc-4df">
         <name>.common:pulses</name>
         <uninitialized>true</uninitialized>
         <run_address>0x2063</run_address>
         <size>0x1</size>
      </object_component>
      <object_component id="oc-4b1">
         <name>.data</name>
         <load_address>0x20b4</load_address>
         <run_address>0x20b4</run_address>
         <size>0x8</size>
         <input_file_ref idref="fl-4"/>
      </object_component>
      <object_component id="oc-4b7">
         <name>.data:ReceiveBuffer</name>
         <load_address>0x2064</load_address>
         <run_address>0x2064</run_address>
         <size>0x14</size>
         <input_file_ref idref="fl-4"/>
      </object_component>
      <object_component id="oc-4b4">
         <name>.data:TransmitBuffer</name>
         <load_address>0x20a0</load_address>
         <run_address>0x20a0</run_address>
         <size>0x14</size>
         <input_file_ref idref="fl-4"/>
      </object_component>
      <object_component id="oc-4c0">
         <name>.data</name>
         <load_address>0x20bc</load_address>
         <run_address>0x20bc</run_address>
         <size>0x7</size>
         <input_file_ref idref="fl-8"/>
      </object_component>
      <object_component id="oc-4c3">
         <name>.data:SPI_ReceiveBuffer</name>
         <load_address>0x2078</load_address>
         <run_address>0x2078</run_address>
         <size>0x14</size>
         <input_file_ref idref="fl-8"/>
      </object_component>
      <object_component id="oc-4cc">
         <name>.data:SPI_TransmitBuffer</name>
         <load_address>0x208c</load_address>
         <run_address>0x208c</run_address>
         <size>0x14</size>
         <input_file_ref idref="fl-8"/>
      </object_component>
      <object_component id="oc-41c">
         <name>.stack</name>
         <uninitialized>true</uninitialized>
         <run_address>0x2f60</run_address>
         <size>0x2</size>
         <input_file_ref idref="fl-47"/>
      </object_component>
      <object_component id="oc-754">
         <name>.stack</name>
         <uninitialized>true</uninitialized>
         <run_address>0x2f60</run_address>
         <size>0x0</size>
      </object_component>
      <object_component id="oc-72">
         <name>.int22</name>
         <load_address>0xffce</load_address>
         <run_address>0xffce</run_address>
         <size>0x2</size>
         <input_file_ref idref="fl-2d"/>
      </object_component>
      <object_component id="oc-73">
         <name>.int23</name>
         <load_address>0xffd0</load_address>
         <run_address>0xffd0</run_address>
         <size>0x2</size>
         <input_file_ref idref="fl-2f"/>
      </object_component>
      <object_component id="oc-74">
         <name>.int24</name>
         <load_address>0xffd2</load_address>
         <run_address>0xffd2</run_address>
         <size>0x2</size>
         <input_file_ref idref="fl-30"/>
      </object_component>
      <object_component id="oc-75">
         <name>.int25</name>
         <load_address>0xffd4</load_address>
         <run_address>0xffd4</run_address>
         <size>0x2</size>
         <input_file_ref idref="fl-31"/>
      </object_component>
      <object_component id="oc-76">
         <name>.int26</name>
         <load_address>0xffd6</load_address>
         <run_address>0xffd6</run_address>
         <size>0x2</size>
         <input_file_ref idref="fl-32"/>
      </object_component>
      <object_component id="oc-77">
         <name>.int27</name>
         <load_address>0xffd8</load_address>
         <run_address>0xffd8</run_address>
         <size>0x2</size>
         <input_file_ref idref="fl-33"/>
      </object_component>
      <object_component id="oc-78">
         <name>.int28</name>
         <load_address>0xffda</load_address>
         <run_address>0xffda</run_address>
         <size>0x2</size>
         <input_file_ref idref="fl-34"/>
      </object_component>
      <object_component id="oc-79">
         <name>.int29</name>
         <load_address>0xffdc</load_address>
         <run_address>0xffdc</run_address>
         <size>0x2</size>
         <input_file_ref idref="fl-2"/>
      </object_component>
      <object_component id="oc-7a">
         <name>.int30</name>
         <load_address>0xffde</load_address>
         <run_address>0xffde</run_address>
         <size>0x2</size>
         <input_file_ref idref="fl-35"/>
      </object_component>
      <object_component id="oc-7b">
         <name>.int31</name>
         <load_address>0xffe0</load_address>
         <run_address>0xffe0</run_address>
         <size>0x2</size>
         <input_file_ref idref="fl-4"/>
      </object_component>
      <object_component id="oc-7c">
         <name>.int32</name>
         <load_address>0xffe2</load_address>
         <run_address>0xffe2</run_address>
         <size>0x2</size>
         <input_file_ref idref="fl-36"/>
      </object_component>
      <object_component id="oc-7d">
         <name>.int33</name>
         <load_address>0xffe4</load_address>
         <run_address>0xffe4</run_address>
         <size>0x2</size>
         <input_file_ref idref="fl-8"/>
      </object_component>
      <object_component id="oc-7e">
         <name>.int34</name>
         <load_address>0xffe6</load_address>
         <run_address>0xffe6</run_address>
         <size>0x2</size>
         <input_file_ref idref="fl-37"/>
      </object_component>
      <object_component id="oc-7f">
         <name>.int35</name>
         <load_address>0xffe8</load_address>
         <run_address>0xffe8</run_address>
         <size>0x2</size>
         <input_file_ref idref="fl-5"/>
      </object_component>
      <object_component id="oc-80">
         <name>.int36</name>
         <load_address>0xffea</load_address>
         <run_address>0xffea</run_address>
         <size>0x2</size>
         <input_file_ref idref="fl-38"/>
      </object_component>
      <object_component id="oc-81">
         <name>.int37</name>
         <load_address>0xffec</load_address>
         <run_address>0xffec</run_address>
         <size>0x2</size>
         <input_file_ref idref="fl-39"/>
      </object_component>
      <object_component id="oc-82">
         <name>.int38</name>
         <load_address>0xffee</load_address>
         <run_address>0xffee</run_address>
         <size>0x2</size>
         <input_file_ref idref="fl-3a"/>
      </object_component>
      <object_component id="oc-83">
         <name>.int39</name>
         <load_address>0xfff0</load_address>
         <run_address>0xfff0</run_address>
         <size>0x2</size>
         <input_file_ref idref="fl-3b"/>
      </object_component>
      <object_component id="oc-84">
         <name>.int40</name>
         <load_address>0xfff2</load_address>
         <run_address>0xfff2</run_address>
         <size>0x2</size>
         <input_file_ref idref="fl-3c"/>
      </object_component>
      <object_component id="oc-85">
         <name>.int41</name>
         <load_address>0xfff4</load_address>
         <run_address>0xfff4</run_address>
         <size>0x2</size>
         <input_file_ref idref="fl-5"/>
      </object_component>
      <object_component id="oc-86">
         <name>.int42</name>
         <load_address>0xfff6</load_address>
         <run_address>0xfff6</run_address>
         <size>0x2</size>
         <input_file_ref idref="fl-5"/>
      </object_component>
      <object_component id="oc-87">
         <name>.int43</name>
         <load_address>0xfff8</load_address>
         <run_address>0xfff8</run_address>
         <size>0x2</size>
         <input_file_ref idref="fl-5"/>
      </object_component>
      <object_component id="oc-88">
         <name>.int44</name>
         <load_address>0xfffa</load_address>
         <run_address>0xfffa</run_address>
         <size>0x2</size>
         <input_file_ref idref="fl-3d"/>
      </object_component>
      <object_component id="oc-89">
         <name>.int45</name>
         <load_address>0xfffc</load_address>
         <run_address>0xfffc</run_address>
         <size>0x2</size>
         <input_file_ref idref="fl-3e"/>
      </object_component>
      <object_component id="oc-41f">
         <name>.reset</name>
         <load_address>0xfffe</load_address>
         <run_address>0xfffe</run_address>
         <size>0x2</size>
         <input_file_ref idref="fl-47"/>
      </object_component>
      <object_component id="oc-4ae">
         <name>.debug_info</name>
         <load_address>0x0</load_address>
         <run_address>0x0</run_address>
         <size>0x34c</size>
         <input_file_ref idref="fl-2"/>
      </object_component>
      <object_component id="oc-5e4">
         <name>.debug_info</name>
         <load_address>0x34c</load_address>
         <run_address>0x34c</run_address>
         <size>0x15c</size>
         <input_file_ref idref="fl-2"/>
      </object_component>
      <object_component id="oc-54d">
         <name>.debug_info</name>
         <load_address>0x4a8</load_address>
         <run_address>0x4a8</run_address>
         <size>0x141</size>
         <input_file_ref idref="fl-2"/>
      </object_component>
      <object_component id="oc-43f">
         <name>.debug_info</name>
         <load_address>0x5e9</load_address>
         <run_address>0x5e9</run_address>
         <size>0x116</size>
         <input_file_ref idref="fl-2"/>
      </object_component>
      <object_component id="oc-513">
         <name>.debug_info</name>
         <load_address>0x6ff</load_address>
         <run_address>0x6ff</run_address>
         <size>0x26b</size>
         <input_file_ref idref="fl-2"/>
      </object_component>
      <object_component id="oc-53b">
         <name>.debug_info</name>
         <load_address>0x96a</load_address>
         <run_address>0x96a</run_address>
         <size>0x94</size>
         <input_file_ref idref="fl-2"/>
      </object_component>
      <object_component id="oc-527">
         <name>.debug_info</name>
         <load_address>0x9fe</load_address>
         <run_address>0x9fe</run_address>
         <size>0x70</size>
         <input_file_ref idref="fl-2"/>
      </object_component>
      <object_component id="oc-426">
         <name>.debug_info</name>
         <load_address>0xa6e</load_address>
         <run_address>0xa6e</run_address>
         <size>0x84</size>
         <input_file_ref idref="fl-2"/>
      </object_component>
      <object_component id="oc-520">
         <name>.debug_info</name>
         <load_address>0xaf2</load_address>
         <run_address>0xaf2</run_address>
         <size>0x282</size>
         <input_file_ref idref="fl-2"/>
      </object_component>
      <object_component id="oc-4bb">
         <name>.debug_info</name>
         <load_address>0xd74</load_address>
         <run_address>0xd74</run_address>
         <size>0xbb</size>
         <input_file_ref idref="fl-2"/>
      </object_component>
      <object_component id="oc-619">
         <name>.debug_info</name>
         <load_address>0xe2f</load_address>
         <run_address>0xe2f</run_address>
         <size>0x326</size>
         <input_file_ref idref="fl-3"/>
      </object_component>
      <object_component id="oc-61e">
         <name>.debug_info</name>
         <load_address>0x1155</load_address>
         <run_address>0x1155</run_address>
         <size>0x1a3</size>
         <input_file_ref idref="fl-3"/>
      </object_component>
      <object_component id="oc-57c">
         <name>.debug_info</name>
         <load_address>0x12f8</load_address>
         <run_address>0x12f8</run_address>
         <size>0x1a1</size>
         <input_file_ref idref="fl-3"/>
      </object_component>
      <object_component id="oc-613">
         <name>.debug_info</name>
         <load_address>0x1499</load_address>
         <run_address>0x1499</run_address>
         <size>0x15f</size>
         <input_file_ref idref="fl-3"/>
      </object_component>
      <object_component id="oc-578">
         <name>.debug_info</name>
         <load_address>0x15f8</load_address>
         <run_address>0x15f8</run_address>
         <size>0x1a0</size>
         <input_file_ref idref="fl-3"/>
      </object_component>
      <object_component id="oc-536">
         <name>.debug_info</name>
         <load_address>0x1798</load_address>
         <run_address>0x1798</run_address>
         <size>0x8b</size>
         <input_file_ref idref="fl-3"/>
      </object_component>
      <object_component id="oc-51a">
         <name>.debug_info</name>
         <load_address>0x1823</load_address>
         <run_address>0x1823</run_address>
         <size>0x474</size>
         <input_file_ref idref="fl-4"/>
      </object_component>
      <object_component id="oc-4b2">
         <name>.debug_info</name>
         <load_address>0x1c97</load_address>
         <run_address>0x1c97</run_address>
         <size>0x1f2</size>
         <input_file_ref idref="fl-4"/>
      </object_component>
      <object_component id="oc-4b8">
         <name>.debug_info</name>
         <load_address>0x1e89</load_address>
         <run_address>0x1e89</run_address>
         <size>0xf0</size>
         <input_file_ref idref="fl-4"/>
      </object_component>
      <object_component id="oc-4b5">
         <name>.debug_info</name>
         <load_address>0x1f79</load_address>
         <run_address>0x1f79</run_address>
         <size>0xf2</size>
         <input_file_ref idref="fl-4"/>
      </object_component>
      <object_component id="oc-4d9">
         <name>.debug_info</name>
         <load_address>0x206b</load_address>
         <run_address>0x206b</run_address>
         <size>0x10c</size>
         <input_file_ref idref="fl-4"/>
      </object_component>
      <object_component id="oc-4d3">
         <name>.debug_info</name>
         <load_address>0x2177</load_address>
         <run_address>0x2177</run_address>
         <size>0x116</size>
         <input_file_ref idref="fl-4"/>
      </object_component>
      <object_component id="oc-5dd">
         <name>.debug_info</name>
         <load_address>0x228d</load_address>
         <run_address>0x228d</run_address>
         <size>0x238</size>
         <input_file_ref idref="fl-4"/>
      </object_component>
      <object_component id="oc-542">
         <name>.debug_info</name>
         <load_address>0x24c5</load_address>
         <run_address>0x24c5</run_address>
         <size>0x130</size>
         <input_file_ref idref="fl-4"/>
      </object_component>
      <object_component id="oc-443">
         <name>.debug_info</name>
         <load_address>0x25f5</load_address>
         <run_address>0x25f5</run_address>
         <size>0x12d</size>
         <input_file_ref idref="fl-4"/>
      </object_component>
      <object_component id="oc-5f3">
         <name>.debug_info</name>
         <load_address>0x2722</load_address>
         <run_address>0x2722</run_address>
         <size>0x19d</size>
         <input_file_ref idref="fl-4"/>
      </object_component>
      <object_component id="oc-5fc">
         <name>.debug_info</name>
         <load_address>0x28bf</load_address>
         <run_address>0x28bf</run_address>
         <size>0x256</size>
         <input_file_ref idref="fl-4"/>
      </object_component>
      <object_component id="oc-5ed">
         <name>.debug_info</name>
         <load_address>0x2b15</load_address>
         <run_address>0x2b15</run_address>
         <size>0x211</size>
         <input_file_ref idref="fl-4"/>
      </object_component>
      <object_component id="oc-602">
         <name>.debug_info</name>
         <load_address>0x2d26</load_address>
         <run_address>0x2d26</run_address>
         <size>0x1b7</size>
         <input_file_ref idref="fl-4"/>
      </object_component>
      <object_component id="oc-4e0">
         <name>.debug_info</name>
         <load_address>0x2edd</load_address>
         <run_address>0x2edd</run_address>
         <size>0x6ae</size>
         <input_file_ref idref="fl-5"/>
      </object_component>
      <object_component id="oc-4f1">
         <name>.debug_info</name>
         <load_address>0x358b</load_address>
         <run_address>0x358b</run_address>
         <size>0x24c</size>
         <input_file_ref idref="fl-5"/>
      </object_component>
      <object_component id="oc-455">
         <name>.debug_info</name>
         <load_address>0x37d7</load_address>
         <run_address>0x37d7</run_address>
         <size>0x13d</size>
         <input_file_ref idref="fl-5"/>
      </object_component>
      <object_component id="oc-44f">
         <name>.debug_info</name>
         <load_address>0x3914</load_address>
         <run_address>0x3914</run_address>
         <size>0x110</size>
         <input_file_ref idref="fl-5"/>
      </object_component>
      <object_component id="oc-45d">
         <name>.debug_info</name>
         <load_address>0x3a24</load_address>
         <run_address>0x3a24</run_address>
         <size>0x11a</size>
         <input_file_ref idref="fl-5"/>
      </object_component>
      <object_component id="oc-462">
         <name>.debug_info</name>
         <load_address>0x3b3e</load_address>
         <run_address>0x3b3e</run_address>
         <size>0x11a</size>
         <input_file_ref idref="fl-5"/>
      </object_component>
      <object_component id="oc-60f">
         <name>.debug_info</name>
         <load_address>0x3c58</load_address>
         <run_address>0x3c58</run_address>
         <size>0x337</size>
         <input_file_ref idref="fl-6"/>
      </object_component>
      <object_component id="oc-570">
         <name>.debug_info</name>
         <load_address>0x3f8f</load_address>
         <run_address>0x3f8f</run_address>
         <size>0x340</size>
         <input_file_ref idref="fl-6"/>
      </object_component>
      <object_component id="oc-56d">
         <name>.debug_info</name>
         <load_address>0x42cf</load_address>
         <run_address>0x42cf</run_address>
         <size>0x501</size>
         <input_file_ref idref="fl-6"/>
      </object_component>
      <object_component id="oc-5f9">
         <name>.debug_info</name>
         <load_address>0x47d0</load_address>
         <run_address>0x47d0</run_address>
         <size>0x3a4</size>
         <input_file_ref idref="fl-7"/>
      </object_component>
      <object_component id="oc-561">
         <name>.debug_info</name>
         <load_address>0x4b74</load_address>
         <run_address>0x4b74</run_address>
         <size>0x18c</size>
         <input_file_ref idref="fl-7"/>
      </object_component>
      <object_component id="oc-567">
         <name>.debug_info</name>
         <load_address>0x4d00</load_address>
         <run_address>0x4d00</run_address>
         <size>0x1c4</size>
         <input_file_ref idref="fl-7"/>
      </object_component>
      <object_component id="oc-52e">
         <name>.debug_info</name>
         <load_address>0x4ec4</load_address>
         <run_address>0x4ec4</run_address>
         <size>0x323</size>
         <input_file_ref idref="fl-8"/>
      </object_component>
      <object_component id="oc-4c1">
         <name>.debug_info</name>
         <load_address>0x51e7</load_address>
         <run_address>0x51e7</run_address>
         <size>0x1e3</size>
         <input_file_ref idref="fl-8"/>
      </object_component>
      <object_component id="oc-4c4">
         <name>.debug_info</name>
         <load_address>0x53ca</load_address>
         <run_address>0x53ca</run_address>
         <size>0xf8</size>
         <input_file_ref idref="fl-8"/>
      </object_component>
      <object_component id="oc-4cd">
         <name>.debug_info</name>
         <load_address>0x54c2</load_address>
         <run_address>0x54c2</run_address>
         <size>0xfa</size>
         <input_file_ref idref="fl-8"/>
      </object_component>
      <object_component id="oc-55a">
         <name>.debug_info</name>
         <load_address>0x55bc</load_address>
         <run_address>0x55bc</run_address>
         <size>0x10c</size>
         <input_file_ref idref="fl-8"/>
      </object_component>
      <object_component id="oc-554">
         <name>.debug_info</name>
         <load_address>0x56c8</load_address>
         <run_address>0x56c8</run_address>
         <size>0x116</size>
         <input_file_ref idref="fl-8"/>
      </object_component>
      <object_component id="oc-4ca">
         <name>.debug_info</name>
         <load_address>0x57de</load_address>
         <run_address>0x57de</run_address>
         <size>0x134</size>
         <input_file_ref idref="fl-8"/>
      </object_component>
      <object_component id="oc-44c">
         <name>.debug_info</name>
         <load_address>0x5912</load_address>
         <run_address>0x5912</run_address>
         <size>0x180</size>
         <input_file_ref idref="fl-8"/>
      </object_component>
      <object_component id="oc-629">
         <name>.debug_info</name>
         <load_address>0x5a92</load_address>
         <run_address>0x5a92</run_address>
         <size>0x1bc</size>
         <input_file_ref idref="fl-8"/>
      </object_component>
      <object_component id="oc-62f">
         <name>.debug_info</name>
         <load_address>0x5c4e</load_address>
         <run_address>0x5c4e</run_address>
         <size>0x191</size>
         <input_file_ref idref="fl-8"/>
      </object_component>
      <object_component id="oc-63d">
         <name>.debug_info</name>
         <load_address>0x5ddf</load_address>
         <run_address>0x5ddf</run_address>
         <size>0x118</size>
         <input_file_ref idref="fl-9"/>
      </object_component>
      <object_component id="oc-640">
         <name>.debug_info</name>
         <load_address>0x5ef7</load_address>
         <run_address>0x5ef7</run_address>
         <size>0x118</size>
         <input_file_ref idref="fl-9"/>
      </object_component>
      <object_component id="oc-590">
         <name>.debug_info</name>
         <load_address>0x600f</load_address>
         <run_address>0x600f</run_address>
         <size>0x13e</size>
         <input_file_ref idref="fl-9"/>
      </object_component>
      <object_component id="oc-684">
         <name>.debug_info</name>
         <load_address>0x614d</load_address>
         <run_address>0x614d</run_address>
         <size>0x11a</size>
         <input_file_ref idref="fl-9"/>
      </object_component>
      <object_component id="oc-689">
         <name>.debug_info</name>
         <load_address>0x6267</load_address>
         <run_address>0x6267</run_address>
         <size>0x128</size>
         <input_file_ref idref="fl-9"/>
      </object_component>
      <object_component id="oc-622">
         <name>.debug_info</name>
         <load_address>0x638f</load_address>
         <run_address>0x638f</run_address>
         <size>0x286</size>
         <input_file_ref idref="fl-a"/>
      </object_component>
      <object_component id="oc-632">
         <name>.debug_info</name>
         <load_address>0x6615</load_address>
         <run_address>0x6615</run_address>
         <size>0x14d</size>
         <input_file_ref idref="fl-a"/>
      </object_component>
      <object_component id="oc-58b">
         <name>.debug_info</name>
         <load_address>0x6762</load_address>
         <run_address>0x6762</run_address>
         <size>0x2cf</size>
         <input_file_ref idref="fl-a"/>
      </object_component>
      <object_component id="oc-583">
         <name>.debug_info</name>
         <load_address>0x6a31</load_address>
         <run_address>0x6a31</run_address>
         <size>0x2c8</size>
         <input_file_ref idref="fl-a"/>
      </object_component>
      <object_component id="oc-67">
         <name>.debug_info</name>
         <load_address>0x6cf9</load_address>
         <run_address>0x6cf9</run_address>
         <size>0x2b8</size>
         <input_file_ref idref="fl-2b"/>
      </object_component>
      <object_component id="oc-50c">
         <name>.debug_info</name>
         <load_address>0x6fb1</load_address>
         <run_address>0x6fb1</run_address>
         <size>0x46</size>
         <input_file_ref idref="fl-2b"/>
      </object_component>
      <object_component id="oc-4a4">
         <name>.debug_info</name>
         <load_address>0x6ff7</load_address>
         <run_address>0x6ff7</run_address>
         <size>0x39</size>
         <input_file_ref idref="fl-2b"/>
      </object_component>
      <object_component id="oc-421">
         <name>.debug_info</name>
         <load_address>0x7030</load_address>
         <run_address>0x7030</run_address>
         <size>0x60</size>
         <input_file_ref idref="fl-2b"/>
      </object_component>
      <object_component id="oc-436">
         <name>.debug_info</name>
         <load_address>0x7090</load_address>
         <run_address>0x7090</run_address>
         <size>0x1da</size>
         <input_file_ref idref="fl-2c"/>
      </object_component>
      <object_component id="oc-70">
         <name>.debug_info</name>
         <load_address>0x726a</load_address>
         <run_address>0x726a</run_address>
         <size>0x1f2</size>
         <input_file_ref idref="fl-2c"/>
      </object_component>
      <object_component id="oc-431">
         <name>.debug_info</name>
         <load_address>0x745c</load_address>
         <run_address>0x745c</run_address>
         <size>0x46</size>
         <input_file_ref idref="fl-2c"/>
      </object_component>
      <object_component id="oc-438">
         <name>.debug_info</name>
         <load_address>0x74a2</load_address>
         <run_address>0x74a2</run_address>
         <size>0x10f</size>
         <input_file_ref idref="fl-2e"/>
      </object_component>
      <object_component id="oc-46a">
         <name>.debug_info</name>
         <load_address>0x75b1</load_address>
         <run_address>0x75b1</run_address>
         <size>0x1d3</size>
         <input_file_ref idref="fl-3f"/>
      </object_component>
      <object_component id="oc-4e4">
         <name>.debug_info</name>
         <load_address>0x7784</load_address>
         <run_address>0x7784</run_address>
         <size>0x46</size>
         <input_file_ref idref="fl-3f"/>
      </object_component>
      <object_component id="oc-42d">
         <name>.debug_info</name>
         <load_address>0x77ca</load_address>
         <run_address>0x77ca</run_address>
         <size>0x121</size>
         <input_file_ref idref="fl-40"/>
      </object_component>
      <object_component id="oc-67c">
         <name>.debug_info</name>
         <load_address>0x78eb</load_address>
         <run_address>0x78eb</run_address>
         <size>0x120</size>
         <input_file_ref idref="fl-46"/>
      </object_component>
      <object_component id="oc-41d">
         <name>.debug_info</name>
         <load_address>0x7a0b</load_address>
         <run_address>0x7a0b</run_address>
         <size>0x100</size>
         <input_file_ref idref="fl-47"/>
      </object_component>
      <object_component id="oc-492">
         <name>.debug_info</name>
         <load_address>0x7b0b</load_address>
         <run_address>0x7b0b</run_address>
         <size>0x193</size>
         <input_file_ref idref="fl-47"/>
      </object_component>
      <object_component id="oc-504">
         <name>.debug_info</name>
         <load_address>0x7c9e</load_address>
         <run_address>0x7c9e</run_address>
         <size>0x1ae</size>
         <input_file_ref idref="fl-48"/>
      </object_component>
      <object_component id="oc-5d3">
         <name>.debug_info</name>
         <load_address>0x7e4c</load_address>
         <run_address>0x7e4c</run_address>
         <size>0x18b</size>
         <input_file_ref idref="fl-48"/>
      </object_component>
      <object_component id="oc-65f">
         <name>.debug_info</name>
         <load_address>0x7fd7</load_address>
         <run_address>0x7fd7</run_address>
         <size>0x409</size>
         <input_file_ref idref="fl-4a"/>
      </object_component>
      <object_component id="oc-5b9">
         <name>.debug_info</name>
         <load_address>0x83e0</load_address>
         <run_address>0x83e0</run_address>
         <size>0x216</size>
         <input_file_ref idref="fl-4a"/>
      </object_component>
      <object_component id="oc-6be">
         <name>.debug_info</name>
         <load_address>0x85f6</load_address>
         <run_address>0x85f6</run_address>
         <size>0x39</size>
         <input_file_ref idref="fl-4a"/>
      </object_component>
      <object_component id="oc-6d5">
         <name>.debug_info</name>
         <load_address>0x862f</load_address>
         <run_address>0x862f</run_address>
         <size>0x2c</size>
         <input_file_ref idref="fl-4a"/>
      </object_component>
      <object_component id="oc-66a">
         <name>.debug_info</name>
         <load_address>0x865b</load_address>
         <run_address>0x865b</run_address>
         <size>0x2c</size>
         <input_file_ref idref="fl-4a"/>
      </object_component>
      <object_component id="oc-6c3">
         <name>.debug_info</name>
         <load_address>0x8687</load_address>
         <run_address>0x8687</run_address>
         <size>0xcd</size>
         <input_file_ref idref="fl-4a"/>
      </object_component>
      <object_component id="oc-659">
         <name>.debug_info</name>
         <load_address>0x8754</load_address>
         <run_address>0x8754</run_address>
         <size>0x150</size>
         <input_file_ref idref="fl-4b"/>
      </object_component>
      <object_component id="oc-4ec">
         <name>.debug_info</name>
         <load_address>0x88a4</load_address>
         <run_address>0x88a4</run_address>
         <size>0x153</size>
         <input_file_ref idref="fl-4c"/>
      </object_component>
      <object_component id="oc-695">
         <name>.debug_info</name>
         <load_address>0x89f7</load_address>
         <run_address>0x89f7</run_address>
         <size>0x2c</size>
         <input_file_ref idref="fl-4d"/>
      </object_component>
      <object_component id="oc-596">
         <name>.debug_info</name>
         <load_address>0x8a23</load_address>
         <run_address>0x8a23</run_address>
         <size>0x122</size>
         <input_file_ref idref="fl-4f"/>
      </object_component>
      <object_component id="oc-694">
         <name>.debug_info</name>
         <load_address>0x8b45</load_address>
         <run_address>0x8b45</run_address>
         <size>0x16d</size>
         <input_file_ref idref="fl-53"/>
      </object_component>
      <object_component id="oc-609">
         <name>.debug_info</name>
         <load_address>0x8cb2</load_address>
         <run_address>0x8cb2</run_address>
         <size>0x275</size>
         <input_file_ref idref="fl-53"/>
      </object_component>
      <object_component id="oc-755">
         <name>.debug_info</name>
         <load_address>0x8f27</load_address>
         <run_address>0x8f27</run_address>
         <size>0xb6</size>
      </object_component>
      <object_component id="oc-512">
         <name>.debug_line</name>
         <load_address>0x0</load_address>
         <run_address>0x0</run_address>
         <size>0x84</size>
         <input_file_ref idref="fl-2"/>
      </object_component>
      <object_component id="oc-5e7">
         <name>.debug_line</name>
         <load_address>0x84</load_address>
         <run_address>0x84</run_address>
         <size>0x4d</size>
         <input_file_ref idref="fl-2"/>
      </object_component>
      <object_component id="oc-54b">
         <name>.debug_line</name>
         <load_address>0xd1</load_address>
         <run_address>0xd1</run_address>
         <size>0x58</size>
         <input_file_ref idref="fl-2"/>
      </object_component>
      <object_component id="oc-43e">
         <name>.debug_line</name>
         <load_address>0x129</load_address>
         <run_address>0x129</run_address>
         <size>0x49</size>
         <input_file_ref idref="fl-2"/>
      </object_component>
      <object_component id="oc-516">
         <name>.debug_line</name>
         <load_address>0x172</load_address>
         <run_address>0x172</run_address>
         <size>0x72</size>
         <input_file_ref idref="fl-2"/>
      </object_component>
      <object_component id="oc-53e">
         <name>.debug_line</name>
         <load_address>0x1e4</load_address>
         <run_address>0x1e4</run_address>
         <size>0x2c</size>
         <input_file_ref idref="fl-2"/>
      </object_component>
      <object_component id="oc-52a">
         <name>.debug_line</name>
         <load_address>0x210</load_address>
         <run_address>0x210</run_address>
         <size>0x2c</size>
         <input_file_ref idref="fl-2"/>
      </object_component>
      <object_component id="oc-429">
         <name>.debug_line</name>
         <load_address>0x23c</load_address>
         <run_address>0x23c</run_address>
         <size>0x20</size>
         <input_file_ref idref="fl-2"/>
      </object_component>
      <object_component id="oc-523">
         <name>.debug_line</name>
         <load_address>0x25c</load_address>
         <run_address>0x25c</run_address>
         <size>0x76</size>
         <input_file_ref idref="fl-2"/>
      </object_component>
      <object_component id="oc-4be">
         <name>.debug_line</name>
         <load_address>0x2d2</load_address>
         <run_address>0x2d2</run_address>
         <size>0x73</size>
         <input_file_ref idref="fl-2"/>
      </object_component>
      <object_component id="oc-69e">
         <name>.debug_line</name>
         <load_address>0x345</load_address>
         <run_address>0x345</run_address>
         <size>0x51</size>
         <input_file_ref idref="fl-3"/>
      </object_component>
      <object_component id="oc-61c">
         <name>.debug_line</name>
         <load_address>0x396</load_address>
         <run_address>0x396</run_address>
         <size>0x54</size>
         <input_file_ref idref="fl-3"/>
      </object_component>
      <object_component id="oc-580">
         <name>.debug_line</name>
         <load_address>0x3ea</load_address>
         <run_address>0x3ea</run_address>
         <size>0x6a</size>
         <input_file_ref idref="fl-3"/>
      </object_component>
      <object_component id="oc-616">
         <name>.debug_line</name>
         <load_address>0x454</load_address>
         <run_address>0x454</run_address>
         <size>0x54</size>
         <input_file_ref idref="fl-3"/>
      </object_component>
      <object_component id="oc-576">
         <name>.debug_line</name>
         <load_address>0x4a8</load_address>
         <run_address>0x4a8</run_address>
         <size>0x5b</size>
         <input_file_ref idref="fl-3"/>
      </object_component>
      <object_component id="oc-539">
         <name>.debug_line</name>
         <load_address>0x503</load_address>
         <run_address>0x503</run_address>
         <size>0x20</size>
         <input_file_ref idref="fl-3"/>
      </object_component>
      <object_component id="oc-5d9">
         <name>.debug_line</name>
         <load_address>0x523</load_address>
         <run_address>0x523</run_address>
         <size>0x76</size>
         <input_file_ref idref="fl-4"/>
      </object_component>
      <object_component id="oc-519">
         <name>.debug_line</name>
         <load_address>0x599</load_address>
         <run_address>0x599</run_address>
         <size>0x2c</size>
         <input_file_ref idref="fl-4"/>
      </object_component>
      <object_component id="oc-51f">
         <name>.debug_line</name>
         <load_address>0x5c5</load_address>
         <run_address>0x5c5</run_address>
         <size>0x2c</size>
         <input_file_ref idref="fl-4"/>
      </object_component>
      <object_component id="oc-51d">
         <name>.debug_line</name>
         <load_address>0x5f1</load_address>
         <run_address>0x5f1</run_address>
         <size>0x2c</size>
         <input_file_ref idref="fl-4"/>
      </object_component>
      <object_component id="oc-4d8">
         <name>.debug_line</name>
         <load_address>0x61d</load_address>
         <run_address>0x61d</run_address>
         <size>0x45</size>
         <input_file_ref idref="fl-4"/>
      </object_component>
      <object_component id="oc-4d2">
         <name>.debug_line</name>
         <load_address>0x662</load_address>
         <run_address>0x662</run_address>
         <size>0x4b</size>
         <input_file_ref idref="fl-4"/>
      </object_component>
      <object_component id="oc-5e1">
         <name>.debug_line</name>
         <load_address>0x6ad</load_address>
         <run_address>0x6ad</run_address>
         <size>0x87</size>
         <input_file_ref idref="fl-4"/>
      </object_component>
      <object_component id="oc-545">
         <name>.debug_line</name>
         <load_address>0x734</load_address>
         <run_address>0x734</run_address>
         <size>0x4a</size>
         <input_file_ref idref="fl-4"/>
      </object_component>
      <object_component id="oc-446">
         <name>.debug_line</name>
         <load_address>0x77e</load_address>
         <run_address>0x77e</run_address>
         <size>0xa8</size>
         <input_file_ref idref="fl-4"/>
      </object_component>
      <object_component id="oc-5f6">
         <name>.debug_line</name>
         <load_address>0x826</load_address>
         <run_address>0x826</run_address>
         <size>0x4b</size>
         <input_file_ref idref="fl-4"/>
      </object_component>
      <object_component id="oc-600">
         <name>.debug_line</name>
         <load_address>0x871</load_address>
         <run_address>0x871</run_address>
         <size>0x58</size>
         <input_file_ref idref="fl-4"/>
      </object_component>
      <object_component id="oc-5f1">
         <name>.debug_line</name>
         <load_address>0x8c9</load_address>
         <run_address>0x8c9</run_address>
         <size>0x56</size>
         <input_file_ref idref="fl-4"/>
      </object_component>
      <object_component id="oc-605">
         <name>.debug_line</name>
         <load_address>0x91f</load_address>
         <run_address>0x91f</run_address>
         <size>0x54</size>
         <input_file_ref idref="fl-4"/>
      </object_component>
      <object_component id="oc-535">
         <name>.debug_line</name>
         <load_address>0x973</load_address>
         <run_address>0x973</run_address>
         <size>0xdb</size>
         <input_file_ref idref="fl-5"/>
      </object_component>
      <object_component id="oc-4f5">
         <name>.debug_line</name>
         <load_address>0xa4e</load_address>
         <run_address>0xa4e</run_address>
         <size>0xb6</size>
         <input_file_ref idref="fl-5"/>
      </object_component>
      <object_component id="oc-459">
         <name>.debug_line</name>
         <load_address>0xb04</load_address>
         <run_address>0xb04</run_address>
         <size>0x47</size>
         <input_file_ref idref="fl-5"/>
      </object_component>
      <object_component id="oc-453">
         <name>.debug_line</name>
         <load_address>0xb4b</load_address>
         <run_address>0xb4b</run_address>
         <size>0x47</size>
         <input_file_ref idref="fl-5"/>
      </object_component>
      <object_component id="oc-45f">
         <name>.debug_line</name>
         <load_address>0xb92</load_address>
         <run_address>0xb92</run_address>
         <size>0x44</size>
         <input_file_ref idref="fl-5"/>
      </object_component>
      <object_component id="oc-465">
         <name>.debug_line</name>
         <load_address>0xbd6</load_address>
         <run_address>0xbd6</run_address>
         <size>0x4d</size>
         <input_file_ref idref="fl-5"/>
      </object_component>
      <object_component id="oc-69b">
         <name>.debug_line</name>
         <load_address>0xc23</load_address>
         <run_address>0xc23</run_address>
         <size>0x51</size>
         <input_file_ref idref="fl-6"/>
      </object_component>
      <object_component id="oc-574">
         <name>.debug_line</name>
         <load_address>0xc74</load_address>
         <run_address>0xc74</run_address>
         <size>0xdd</size>
         <input_file_ref idref="fl-6"/>
      </object_component>
      <object_component id="oc-56c">
         <name>.debug_line</name>
         <load_address>0xd51</load_address>
         <run_address>0xd51</run_address>
         <size>0xea</size>
         <input_file_ref idref="fl-6"/>
      </object_component>
      <object_component id="oc-690">
         <name>.debug_line</name>
         <load_address>0xe3b</load_address>
         <run_address>0xe3b</run_address>
         <size>0x8d</size>
         <input_file_ref idref="fl-7"/>
      </object_component>
      <object_component id="oc-55f">
         <name>.debug_line</name>
         <load_address>0xec8</load_address>
         <run_address>0xec8</run_address>
         <size>0x7a</size>
         <input_file_ref idref="fl-7"/>
      </object_component>
      <object_component id="oc-566">
         <name>.debug_line</name>
         <load_address>0xf42</load_address>
         <run_address>0xf42</run_address>
         <size>0x86</size>
         <input_file_ref idref="fl-7"/>
      </object_component>
      <object_component id="oc-5db">
         <name>.debug_line</name>
         <load_address>0xfc8</load_address>
         <run_address>0xfc8</run_address>
         <size>0x68</size>
         <input_file_ref idref="fl-8"/>
      </object_component>
      <object_component id="oc-526">
         <name>.debug_line</name>
         <load_address>0x1030</load_address>
         <run_address>0x1030</run_address>
         <size>0x2c</size>
         <input_file_ref idref="fl-8"/>
      </object_component>
      <object_component id="oc-52d">
         <name>.debug_line</name>
         <load_address>0x105c</load_address>
         <run_address>0x105c</run_address>
         <size>0x2c</size>
         <input_file_ref idref="fl-8"/>
      </object_component>
      <object_component id="oc-531">
         <name>.debug_line</name>
         <load_address>0x1088</load_address>
         <run_address>0x1088</run_address>
         <size>0x2c</size>
         <input_file_ref idref="fl-8"/>
      </object_component>
      <object_component id="oc-559">
         <name>.debug_line</name>
         <load_address>0x10b4</load_address>
         <run_address>0x10b4</run_address>
         <size>0x46</size>
         <input_file_ref idref="fl-8"/>
      </object_component>
      <object_component id="oc-553">
         <name>.debug_line</name>
         <load_address>0x10fa</load_address>
         <run_address>0x10fa</run_address>
         <size>0x44</size>
         <input_file_ref idref="fl-8"/>
      </object_component>
      <object_component id="oc-4c9">
         <name>.debug_line</name>
         <load_address>0x113e</load_address>
         <run_address>0x113e</run_address>
         <size>0x42</size>
         <input_file_ref idref="fl-8"/>
      </object_component>
      <object_component id="oc-44b">
         <name>.debug_line</name>
         <load_address>0x1180</load_address>
         <run_address>0x1180</run_address>
         <size>0x84</size>
         <input_file_ref idref="fl-8"/>
      </object_component>
      <object_component id="oc-628">
         <name>.debug_line</name>
         <load_address>0x1204</load_address>
         <run_address>0x1204</run_address>
         <size>0x4a</size>
         <input_file_ref idref="fl-8"/>
      </object_component>
      <object_component id="oc-62e">
         <name>.debug_line</name>
         <load_address>0x124e</load_address>
         <run_address>0x124e</run_address>
         <size>0x4b</size>
         <input_file_ref idref="fl-8"/>
      </object_component>
      <object_component id="oc-63c">
         <name>.debug_line</name>
         <load_address>0x1299</load_address>
         <run_address>0x1299</run_address>
         <size>0x4e</size>
         <input_file_ref idref="fl-9"/>
      </object_component>
      <object_component id="oc-644">
         <name>.debug_line</name>
         <load_address>0x12e7</load_address>
         <run_address>0x12e7</run_address>
         <size>0x4a</size>
         <input_file_ref idref="fl-9"/>
      </object_component>
      <object_component id="oc-58f">
         <name>.debug_line</name>
         <load_address>0x1331</load_address>
         <run_address>0x1331</run_address>
         <size>0x45</size>
         <input_file_ref idref="fl-9"/>
      </object_component>
      <object_component id="oc-682">
         <name>.debug_line</name>
         <load_address>0x1376</load_address>
         <run_address>0x1376</run_address>
         <size>0x46</size>
         <input_file_ref idref="fl-9"/>
      </object_component>
      <object_component id="oc-68c">
         <name>.debug_line</name>
         <load_address>0x13bc</load_address>
         <run_address>0x13bc</run_address>
         <size>0x44</size>
         <input_file_ref idref="fl-9"/>
      </object_component>
      <object_component id="oc-6a1">
         <name>.debug_line</name>
         <load_address>0x1400</load_address>
         <run_address>0x1400</run_address>
         <size>0x38</size>
         <input_file_ref idref="fl-a"/>
      </object_component>
      <object_component id="oc-636">
         <name>.debug_line</name>
         <load_address>0x1438</load_address>
         <run_address>0x1438</run_address>
         <size>0x45</size>
         <input_file_ref idref="fl-a"/>
      </object_component>
      <object_component id="oc-58a">
         <name>.debug_line</name>
         <load_address>0x147d</load_address>
         <run_address>0x147d</run_address>
         <size>0x69</size>
         <input_file_ref idref="fl-a"/>
      </object_component>
      <object_component id="oc-586">
         <name>.debug_line</name>
         <load_address>0x14e6</load_address>
         <run_address>0x14e6</run_address>
         <size>0x67</size>
         <input_file_ref idref="fl-a"/>
      </object_component>
      <object_component id="oc-6a">
         <name>.debug_line</name>
         <load_address>0x154d</load_address>
         <run_address>0x154d</run_address>
         <size>0x9d</size>
         <input_file_ref idref="fl-2b"/>
      </object_component>
      <object_component id="oc-50f">
         <name>.debug_line</name>
         <load_address>0x15ea</load_address>
         <run_address>0x15ea</run_address>
         <size>0x9a</size>
         <input_file_ref idref="fl-2b"/>
      </object_component>
      <object_component id="oc-4a7">
         <name>.debug_line</name>
         <load_address>0x1684</load_address>
         <run_address>0x1684</run_address>
         <size>0x96</size>
         <input_file_ref idref="fl-2b"/>
      </object_component>
      <object_component id="oc-424">
         <name>.debug_line</name>
         <load_address>0x171a</load_address>
         <run_address>0x171a</run_address>
         <size>0x3a</size>
         <input_file_ref idref="fl-2b"/>
      </object_component>
      <object_component id="oc-4ab">
         <name>.debug_line</name>
         <load_address>0x1754</load_address>
         <run_address>0x1754</run_address>
         <size>0x3a</size>
         <input_file_ref idref="fl-2c"/>
      </object_component>
      <object_component id="oc-6d">
         <name>.debug_line</name>
         <load_address>0x178e</load_address>
         <run_address>0x178e</run_address>
         <size>0x50</size>
         <input_file_ref idref="fl-2c"/>
      </object_component>
      <object_component id="oc-434">
         <name>.debug_line</name>
         <load_address>0x17de</load_address>
         <run_address>0x17de</run_address>
         <size>0x3a</size>
         <input_file_ref idref="fl-2c"/>
      </object_component>
      <object_component id="oc-43b">
         <name>.debug_line</name>
         <load_address>0x1818</load_address>
         <run_address>0x1818</run_address>
         <size>0x3d</size>
         <input_file_ref idref="fl-2e"/>
      </object_component>
      <object_component id="oc-468">
         <name>.debug_line</name>
         <load_address>0x1855</load_address>
         <run_address>0x1855</run_address>
         <size>0x4e</size>
         <input_file_ref idref="fl-3f"/>
      </object_component>
      <object_component id="oc-4e7">
         <name>.debug_line</name>
         <load_address>0x18a3</load_address>
         <run_address>0x18a3</run_address>
         <size>0x34</size>
         <input_file_ref idref="fl-3f"/>
      </object_component>
      <object_component id="oc-42c">
         <name>.debug_line</name>
         <load_address>0x18d7</load_address>
         <run_address>0x18d7</run_address>
         <size>0x52</size>
         <input_file_ref idref="fl-40"/>
      </object_component>
      <object_component id="oc-67f">
         <name>.debug_line</name>
         <load_address>0x1929</load_address>
         <run_address>0x1929</run_address>
         <size>0x3b</size>
         <input_file_ref idref="fl-46"/>
      </object_component>
      <object_component id="oc-4a3">
         <name>.debug_line</name>
         <load_address>0x1964</load_address>
         <run_address>0x1964</run_address>
         <size>0x2a</size>
         <input_file_ref idref="fl-47"/>
      </object_component>
      <object_component id="oc-491">
         <name>.debug_line</name>
         <load_address>0x198e</load_address>
[...]
      <symbol id="sm-37c">
         <name>UCB1I2COA3_H</name>
         <value>0x5db</value>
      </symbol>
      <symbol id="sm-37d">
         <name>UCB1ADDRX</name>
         <value>0x5dc</value>
      </symbol>
      <symbol id="sm-37e">
         <name>UCB1ADDRX_L</name>
         <value>0x5dc</value>
      </symbol>
      <symbol id="sm-37f">
         <name>UCB1ADDRX_H</name>
         <value>0x5dd</value>
      </symbol>
      <symbol id="sm-380">
         <name>UCB1ADDMASK</name>
         <value>0x5de</value>
      </symbol>
      <symbol id="sm-381">
         <name>UCB1ADDMASK_L</name>
         <value>0x5de</value>
      </symbol>
      <symbol id="sm-382">
         <name>UCB1ADDMASK_H</name>
         <value>0x5df</value>
      </symbol>
      <symbol id="sm-383">
         <name>UCB1I2CSA</name>
         <value>0x5e0</value>
      </symbol>
      <symbol id="sm-384">
         <name>UCB1I2CSA_L</name>
         <value>0x5e0</value>
      </symbol>
      <symbol id="sm-385">
         <name>UCB1I2CSA_H</name>
         <value>0x5e1</value>
      </symbol>
      <symbol id="sm-386">
         <name>UCB1IE</name>
         <value>0x5ea</value>
      </symbol>
      <symbol id="sm-387">
         <name>UCB1IE_L</name>
         <value>0x5ea</value>
      </symbol>
      <symbol id="sm-388">
         <name>UCB1IE_H</name>
         <value>0x5eb</value>
      </symbol>
      <symbol id="sm-389">
         <name>UCB1IFG</name>
         <value>0x5ec</value>
      </symbol>
      <symbol id="sm-38a">
         <name>UCB1IFG_L</name>
         <value>0x5ec</value>
      </symbol>
      <symbol id="sm-38b">
         <name>UCB1IFG_H</name>
         <value>0x5ed</value>
      </symbol>
      <symbol id="sm-38c">
         <name>UCB1IV</name>
         <value>0x5ee</value>
      </symbol>
      <symbol id="sm-38d">
         <name>UCB1IV_L</name>
         <value>0x5ee</value>
      </symbol>
      <symbol id="sm-38e">
         <name>UCB1IV_H</name>
         <value>0x5ef</value>
      </symbol>
      <symbol id="sm-38f">
         <name>fram_rw_start</name>
         <value>0x8000</value>
      </symbol>
      <symbol id="sm-390">
         <name>fram_rx_start</name>
         <value>0x8000</value>
      </symbol>
      <symbol id="sm-391">
         <name>__TI_CINIT_Base</name>
         <value>0x801a</value>
      </symbol>
      <symbol id="sm-392">
         <name>__TI_CINIT_Limit</name>
         <value>0x802a</value>
      </symbol>
      <symbol id="sm-393">
         <name>__TI_CINIT_Warm</name>
         <value>0x802a</value>
      </symbol>
      <symbol id="sm-394">
         <name>__TI_Handler_Table_Base</name>
         <value>0x8000</value>
      </symbol>
      <symbol id="sm-395">
         <name>__TI_Handler_Table_Limit</name>
         <value>0x800c</value>
      </symbol>
      <symbol id="sm-396">
         <name>__STACK_SIZE</name>
         <value>0xa0</value>
      </symbol>
      <symbol id="sm-397">
         <name>__STACK_END</name>
         <value>0x3000</value>
      </symbol>
      <symbol id="sm-398">
         <name>__c_args__</name>
         <value>0xffffffff</value>
      </symbol>
      <symbol id="sm-399">
         <name>__TI_pprof_out_hndl</name>
         <value>0xffffffff</value>
      </symbol>
      <symbol id="sm-39a">
         <name>__TI_prof_data_start</name>
         <value>0xffffffff</value>
      </symbol>
      <symbol id="sm-39b">
         <name>__TI_prof_data_size</name>
         <value>0xffffffff</value>
      </symbol>
      <symbol id="sm-428">
         <name>CO2_buf</name>
         <value>0x203e</value>
      </symbol>
      <symbol id="sm-429">
         <name>temp</name>
         <value>0x2060</value>
      </symbol>
      <symbol id="sm-42a">
         <name>ADC_Result</name>
         <value>0x205e</value>
      </symbol>
      <symbol id="sm-42b">
         <name>ADC_ISR</name>
         <value>0x963c</value>
         <object_component_ref idref="oc-43c"/>
      </symbol>
      <symbol id="sm-42c">
         <name>__TI_int29</name>
         <value>0xffdc</value>
         <object_component_ref idref="oc-79"/>
      </symbol>
      <symbol id="sm-42d">
         <name>read_oxygen</name>
         <value>0x92c2</value>
         <object_component_ref idref="oc-5e3"/>
      </symbol>
      <symbol id="sm-42e">
         <name>init_oxygen</name>
         <value>0x8f58</value>
         <object_component_ref idref="oc-54a"/>
      </symbol>
      <symbol id="sm-46d">
         <name>read_data_ready_co2</name>
         <value>0x8df2</value>
         <object_component_ref idref="oc-61b"/>
      </symbol>
      <symbol id="sm-46e">
         <name>read_data_co2</name>
         <value>0x8b28</value>
         <object_component_ref idref="oc-57b"/>
      </symbol>
      <symbol id="sm-46f">
         <name>init_co2</name>
         <value>0x8d66</value>
         <object_component_ref idref="oc-575"/>
      </symbol>
      <symbol id="sm-4e3">
         <name>TransmitIndex</name>
         <value>0x20bb</value>
         <object_component_ref idref="oc-4b1"/>
      </symbol>
      <symbol id="sm-4e4">
         <name>I2C_Master_ReadReg</name>
         <value>0x8fc0</value>
         <object_component_ref idref="oc-5ec"/>
      </symbol>
      <symbol id="sm-4e5">
         <name>initGPIO_I2C</name>
         <value>0x9144</value>
         <object_component_ref idref="oc-4d1"/>
      </symbol>
      <symbol id="sm-4e6">
         <name>initClockTo1MHz</name>
         <value>0x926a</value>
         <object_component_ref idref="oc-541"/>
      </symbol>
      <symbol id="sm-4e7">
         <name>ReceiveBuffer</name>
         <value>0x2064</value>
         <object_component_ref idref="oc-4b7"/>
      </symbol>
      <symbol id="sm-4e8">
         <name>Software_Trim</name>
         <value>0x8bf8</value>
         <object_component_ref idref="oc-5dc"/>
      </symbol>
      <symbol id="sm-4e9">
         <name>__TI_int31</name>
         <value>0xffe0</value>
         <object_component_ref idref="oc-7b"/>
      </symbol>
      <symbol id="sm-4ea">
         <name>TransmitRegAddr_MSB</name>
         <value>0x20b6</value>
         <object_component_ref idref="oc-4b1"/>
      </symbol>
      <symbol id="sm-4eb">
         <name>MasterMode</name>
         <value>0x20b4</value>
         <object_component_ref idref="oc-4b1"/>
      </symbol>
      <symbol id="sm-4ec">
         <name>CopyArray</name>
         <value>0x9310</value>
         <object_component_ref idref="oc-5f2"/>
      </symbol>
      <symbol id="sm-4ed">
         <name>USCI_B0_ISR</name>
         <value>0x93e4</value>
         <object_component_ref idref="oc-442"/>
      </symbol>
      <symbol id="sm-4ee">
         <name>TransmitBuffer</name>
         <value>0x20a0</value>
         <object_component_ref idref="oc-4b4"/>
      </symbol>
      <symbol id="sm-4ef">
         <name>TXByteCtr</name>
         <value>0x20ba</value>
         <object_component_ref idref="oc-4b1"/>
      </symbol>
      <symbol id="sm-4f0">
         <name>I2C_Master_WriteReg</name>
         <value>0x8e7a</value>
         <object_component_ref idref="oc-5fb"/>
      </symbol>
      <symbol id="sm-4f1">
         <name>ReceiveIndex</name>
         <value>0x20b9</value>
         <object_component_ref idref="oc-4b1"/>
      </symbol>
      <symbol id="sm-4f2">
         <name>initI2C</name>
         <value>0x9346</value>
         <object_component_ref idref="oc-4d7"/>
      </symbol>
      <symbol id="sm-4f3">
         <name>I2C_Master_ReadIntoBuffer</name>
         <value>0x901e</value>
         <object_component_ref idref="oc-601"/>
      </symbol>
      <symbol id="sm-4f4">
         <name>TransmitRegAddr_LSB</name>
         <value>0x20b7</value>
         <object_component_ref idref="oc-4b1"/>
      </symbol>
      <symbol id="sm-4f5">
         <name>RXByteCtr</name>
         <value>0x20b8</value>
         <object_component_ref idref="oc-4b1"/>
      </symbol>
      <symbol id="sm-534">
         <name>wireless_buf</name>
         <value>0x2000</value>
      </symbol>
      <symbol id="sm-535">
         <name>seesaw_buf</name>
         <value>0x2024</value>
      </symbol>
      <symbol id="sm-536">
         <name>o2_buf</name>
         <value>0x2050</value>
      </symbol>
      <symbol id="sm-537">
         <name>i2c_succeed</name>
         <value>0x2062</value>
      </symbol>
      <symbol id="sm-538">
         <name>pulses</name>
         <value>0x2063</value>
      </symbol>
      <symbol id="sm-539">
         <name>__TI_int35</name>
         <value>0xffe8</value>
         <object_component_ref idref="oc-7f"/>
      </symbol>
      <symbol id="sm-53a">
         <name>__TI_int42</name>
         <value>0xfff6</value>
         <object_component_ref idref="oc-86"/>
      </symbol>
      <symbol id="sm-53b">
         <name>__TI_int43</name>
         <value>0xfff8</value>
         <object_component_ref idref="oc-87"/>
      </symbol>
      <symbol id="sm-53c">
         <name>__TI_int41</name>
         <value>0xfff4</value>
         <object_component_ref idref="oc-85"/>
      </symbol>
      <symbol id="sm-53d">
         <name>main</name>
         <value>0x85da</value>
         <object_component_ref idref="oc-4f0"/>
      </symbol>
      <symbol id="sm-53e">
         <name>Timer1_B0_ISR</name>
         <value>0x961e</value>
         <object_component_ref idref="oc-454"/>
      </symbol>
      <symbol id="sm-53f">
         <name>ISR_TB0_CCR1</name>
         <value>0x9666</value>
         <object_component_ref idref="oc-45a"/>
      </symbol>
      <symbol id="sm-540">
         <name>ISR_TB0_CCR0</name>
         <value>0x95da</value>
         <object_component_ref idref="oc-460"/>
      </symbol>
      <symbol id="sm-541">
         <name>RTC_ISR</name>
         <value>0x9652</value>
         <object_component_ref idref="oc-44e"/>
      </symbol>
      <symbol id="sm-583">
         <name>read_pressure</name>
         <value>0x83f2</value>
         <object_component_ref idref="oc-56f"/>
      </symbol>
      <symbol id="sm-584">
         <name>init_pressure</name>
         <value>0x802a</value>
         <object_component_ref idref="oc-569"/>
      </symbol>
      <symbol id="sm-5a9">
         <name>read_temp_seesaw</name>
         <value>0x8cb6</value>
         <object_component_ref idref="oc-55d"/>
      </symbol>
      <symbol id="sm-5aa">
         <name>read_cap_seesaw</name>
         <value>0x8a50</value>
         <object_component_ref idref="oc-563"/>
      </symbol>
      <symbol id="sm-5f5">
         <name>SPI_RXByteCtr</name>
         <value>0x20bf</value>
         <object_component_ref idref="oc-4c0"/>
      </symbol>
      <symbol id="sm-5f6">
         <name>SPI_MasterMode</name>
         <value>0x20bc</value>
         <object_component_ref idref="oc-4c0"/>
      </symbol>
      <symbol id="sm-5f7">
         <name>__TI_int33</name>
         <value>0xffe4</value>
         <object_component_ref idref="oc-7d"/>
      </symbol>
      <symbol id="sm-5f8">
         <name>SPI_TXByteCtr</name>
         <value>0x20c1</value>
         <object_component_ref idref="oc-4c0"/>
      </symbol>
      <symbol id="sm-5f9">
         <name>USCI_A0_ISR</name>
         <value>0x94f8</value>
         <object_component_ref idref="oc-448"/>
      </symbol>
      <symbol id="sm-5fa">
         <name>initSPI</name>
         <value>0x932c</value>
         <object_component_ref idref="oc-556"/>
      </symbol>
      <symbol id="sm-5fb">
         <name>SPI_ReceiveIndex</name>
         <value>0x20c0</value>
         <object_component_ref idref="oc-4c0"/>
      </symbol>
      <symbol id="sm-5fc">
         <name>SendUCA0Data</name>
         <value>0x93ba</value>
         <object_component_ref idref="oc-4c6"/>
      </symbol>
      <symbol id="sm-5fd">
         <name>SPI_TransmitBuffer</name>
         <value>0x208c</value>
         <object_component_ref idref="oc-4cc"/>
      </symbol>
      <symbol id="sm-5fe">
         <name>SPI_Master_WriteReg</name>
         <value>0x907a</value>
         <object_component_ref idref="oc-625"/>
      </symbol>
      <symbol id="sm-5ff">
         <name>SPI_Master_ReadReg</name>
         <value>0x9238</value>
         <object_component_ref idref="oc-62b"/>
      </symbol>
      <symbol id="sm-600">
         <name>SPI_TransmitIndex</name>
         <value>0x20c2</value>
         <object_component_ref idref="oc-4c0"/>
      </symbol>
      <symbol id="sm-601">
         <name>initGPIO_SPI</name>
         <value>0x93aa</value>
         <object_component_ref idref="oc-550"/>
      </symbol>
      <symbol id="sm-602">
         <name>SPI_ReceiveBuffer</name>
         <value>0x2078</value>
         <object_component_ref idref="oc-4c3"/>
      </symbol>
      <symbol id="sm-603">
         <name>SPI_TransmitRegAddr</name>
         <value>0x20be</value>
         <object_component_ref idref="oc-4c0"/>
      </symbol>
      <symbol id="sm-629">
         <name>cancel_i2c_timeout</name>
         <value>0x93d8</value>
         <object_component_ref idref="oc-687"/>
      </symbol>
      <symbol id="sm-62a">
         <name>sleep_pins</name>
         <value>0x9182</value>
         <object_component_ref idref="oc-639"/>
      </symbol>
      <symbol id="sm-62b">
         <name>init_timer</name>
         <value>0x92ec</value>
         <object_component_ref idref="oc-63f"/>
      </symbol>
      <symbol id="sm-62c">
         <name>sleep_10_min</name>
         <value>0x9398</value>
         <object_component_ref idref="oc-58d"/>
      </symbol>
      <symbol id="sm-62d">
         <name>i2c_timeout</name>
         <value>0x935c</value>
         <object_component_ref idref="oc-681"/>
      </symbol>
      <symbol id="sm-650">
         <name>setModeIdle</name>
         <value>0x9384</value>
         <object_component_ref idref="oc-631"/>
      </symbol>
      <symbol id="sm-651">
         <name>init_wireless</name>
         <value>0x877c</value>
         <object_component_ref idref="oc-581"/>
      </symbol>
      <symbol id="sm-652">
         <name>wireless_send</name>
         <value>0x8976</value>
         <object_component_ref idref="oc-587"/>
      </symbol>
      <symbol id="sm-673">
         <name>__TI_decompress_lzss</name>
         <value>0x8888</value>
         <object_component_ref idref="oc-66"/>
      </symbol>
      <symbol id="sm-684">
         <name>__TI_decompress_none</name>
         <value>0x91fc</value>
         <object_component_ref idref="oc-6c"/>
      </symbol>
      <symbol id="sm-687">
         <name>__TI_int22</name>
         <value>0xffce</value>
         <object_component_ref idref="oc-72"/>
      </symbol>
      <symbol id="sm-68f">
         <name>__TI_ISR_TRAP</name>
         <value>0x9670</value>
         <object_component_ref idref="oc-437"/>
      </symbol>
      <symbol id="sm-692">
         <name>__TI_int23</name>
         <value>0xffd0</value>
         <object_component_ref idref="oc-73"/>
      </symbol>
      <symbol id="sm-695">
         <name>__TI_int24</name>
         <value>0xffd2</value>
         <object_component_ref idref="oc-74"/>
      </symbol>
      <symbol id="sm-698">
         <name>__TI_int25</name>
         <value>0xffd4</value>
         <object_component_ref idref="oc-75"/>
      </symbol>
      <symbol id="sm-69b">
         <name>__TI_int26</name>
         <value>0xffd6</value>
         <object_component_ref idref="oc-76"/>
      </symbol>
      <symbol id="sm-69e">
         <name>__TI_int27</name>
         <value>0xffd8</value>
         <object_component_ref idref="oc-77"/>
      </symbol>
      <symbol id="sm-6a1">
         <name>__TI_int28</name>
         <value>0xffda</value>
         <object_component_ref idref="oc-78"/>
      </symbol>
      <symbol id="sm-6a4">
         <name>__TI_int30</name>
         <value>0xffde</value>
         <object_component_ref idref="oc-7a"/>
      </symbol>
      <symbol id="sm-6a7">
         <name>__TI_int32</name>
         <value>0xffe2</value>
         <object_component_ref idref="oc-7c"/>
      </symbol>
      <symbol id="sm-6aa">
         <name>__TI_int34</name>
         <value>0xffe6</value>
         <object_component_ref idref="oc-7e"/>
      </symbol>
      <symbol id="sm-6ad">
         <name>__TI_int36</name>
         <value>0xffea</value>
         <object_component_ref idref="oc-80"/>
      </symbol>
      <symbol id="sm-6b0">
         <name>__TI_int37</name>
         <value>0xffec</value>
         <object_component_ref idref="oc-81"/>
      </symbol>
      <symbol id="sm-6b3">
         <name>__TI_int38</name>
         <value>0xffee</value>
         <object_component_ref idref="oc-82"/>
      </symbol>
      <symbol id="sm-6b6">
         <name>__TI_int39</name>
         <value>0xfff0</value>
         <object_component_ref idref="oc-83"/>
      </symbol>
      <symbol id="sm-6b9">
         <name>__TI_int40</name>
         <value>0xfff2</value>
         <object_component_ref idref="oc-84"/>
      </symbol>
      <symbol id="sm-6bc">
         <name>__TI_int44</name>
         <value>0xfffa</value>
         <object_component_ref idref="oc-88"/>
      </symbol>
      <symbol id="sm-6bf">
         <name>__TI_int45</name>
         <value>0xfffc</value>
         <object_component_ref idref="oc-89"/>
      </symbol>
      <symbol id="sm-6cf">
         <name>__TI_zero_init_nomemset</name>
         <value>0x9106</value>
         <object_component_ref idref="oc-466"/>
      </symbol>
      <symbol id="sm-6da">
         <name>__memcpy_far</name>
         <value>0x90c6</value>
         <object_component_ref idref="oc-42b"/>
      </symbol>
      <symbol id="sm-6e8">
         <name>__mspabi_srli</name>
         <value>0x93c8</value>
         <object_component_ref idref="oc-67b"/>
      </symbol>
      <symbol id="sm-6f8">
         <name>_c_int00_noargs_mpu</name>
         <value>0x95fe</value>
         <object_component_ref idref="oc-490"/>
      </symbol>
      <symbol id="sm-6f9">
         <name>_stack</name>
         <value>0x2f60</value>
         <object_component_ref idref="oc-41c"/>
      </symbol>
      <symbol id="sm-6fa">
         <name>_reset_vector</name>
         <value>0xfffe</value>
         <object_component_ref idref="oc-41f"/>
      </symbol>
      <symbol id="sm-708">
         <name>__mpu_init</name>
         <value>0x91c0</value>
         <object_component_ref idref="oc-502"/>
      </symbol>
      <symbol id="sm-72b">
         <name>__TI_auto_init_nobinit_nopinit_hold_wdt</name>
         <value>0x8eee</value>
         <object_component_ref idref="oc-5b8"/>
      </symbol>
      <symbol id="sm-734">
         <name>_system_post_cinit</name>
         <value>0x93e2</value>
         <object_component_ref idref="oc-658"/>
      </symbol>
      <symbol id="sm-73d">
         <name>_system_pre_init</name>
         <value>0x93de</value>
         <object_component_ref idref="oc-4ea"/>
      </symbol>
      <symbol id="sm-74e">
         <name>C$$EXIT</name>
         <value>0x93d2</value>
         <object_component_ref idref="oc-594"/>
      </symbol>
      <symbol id="sm-74f">
         <name>abort</name>
         <value>0x93d2</value>
         <object_component_ref idref="oc-594"/>
      </symbol>
      <symbol id="sm-760">
         <name>memset</name>
         <value>0x9370</value>
         <object_component_ref idref="oc-608"/>
      </symbol>
   </symbol_table>
   <title>Link successful</title>
</link_info>
